// Jest Snapshot v1, https://goo.gl/fbAQLP

exports[`PokemonPage Pages debe de hacer match con el snapshop cuando cargen los pokemons 1`] = `
<div>
  <h1>Â¿Quien es este pokemon?</h1>
  <pokemon-picture-stub pokemonid="1" showpokemon="false"></pokemon-picture-stub>
  <pokemon-options-stub pokemons="[object Object],[object Object],[object Object],[object Object]"></pokemon-options-stub>
  <!--v-if-->
</div>
`;
