// Jest Snapshot v1, https://goo.gl/fbAQLP

exports[`Pruebas en el componente Entry debe hacer match con el snapshot 1`] = `
<div class="entry-container mb-3 pointer p-2">
  <!-- Titulo -->
  <div class="entry-title d-flex"><span class="text-success fs-5 fw-bold">6</span><span class="mx-1 fs-5">noviembre</span><span class="mx-2 fw-light">2022, domingo</span></div><!-- DescripciÃ³n -->
  <div class="entry-description">Entrada para pruebas unitarias enfrenase</div>
</div>
`;
