// Jest Snapshot v1, https://goo.gl/fbAQLP

exports[`Pruebas del EntrieView Debe mostrar la entrada correctamente 1`] = `
<div class="entry-title d-flex justify-content-between p-2">
  <div><span class="text-success fs-3 fw-bold">6</span><span class="mx-1 fs-3">noviembre</span><span class="mx-2 fs-4 fw-ight">2022, domingo</span></div>
  <div><button class="btn btn-danger mx-2"> Borrar <i class="fa fa-trash-alt"></i></button><input type="file" accept="image/png image/jgp" style="display: none;"><button class="btn btn-primary"> Subir fotografia <i class="fa fa-upload"></i></button></div>
</div>
<hr>
<div class="d-flex flex-column px-3 h-75"><textarea placeholder="Que sucedio hoy?"></textarea></div>
<fab-stub icon="fa-save"></fab-stub>
<!--v-if-->
<!--v-if-->
`;
