// Jest Snapshot v1, https://goo.gl/fbAQLP

exports[`debe hacer match con el Snapshot 1`] = `
<!--v-if-->
<div class="bg-dark"></div>
<div class="indecision-container"><input type="text" placeholder="Hazme una pregunta">
  <p>Recuerda terminar con signo de interogaci√≥n (?)</p>
  <!--v-if-->
</div>
`;
